// Jest Snapshot v1, https://goo.gl/fbAQLP

exports[`DataService Should match snapshot data 1`] = `
Array [
  Object {
    "id": 1,
    "name": "test 1",
  },
  Object {
    "id": 2,
    "name": "test 2",
  },
]
`;
