// Jest Snapshot v1, https://goo.gl/fbAQLP

exports[`HelloComponent snapshots 1`] = `
<div
  id="root1"
  ng-version="5.2.9"
>
  Hello World!
</div>
`;
